
> duolingo-clone@1.0.0 web
> expo start --web --port 8090

env: load .env.local .env
env: export EXPO_PUBLIC_CLERK_PUBLISHABLE_KEY POSTHOG_HOST POSTHOG_PROJECT_TOKEN CLERK_SECRET_KEY EXPO_PUBLIC_POSTHOG_API_KEY EXPO_PUBLIC_POSTHOG_HOST POSTHOG_CLI_API_KEY POSTHOG_CLI_HOST POSTHOG_CLI_PROJECT_ID
Starting project at C:\Users\growt\OneDrive\Desktop\Duolingo-clone
Logs: C:\Users\growt\OneDrive\Desktop\Duolingo-clone\.expo\dev\logs\start.log
Using src/app as the root directory for Expo Router.
Starting Metro Bundler

Waiting on http://localhost:8090

Logs for your project will appear below.
λ Bundled 9881ms node_modules\expo\node_modules\@expo\cli\node_modules\@expo\router-server\node\render.js (1798 modules)
Web Bundled 11705ms node_modules\expo-router\entry.js (1631 modules)
λ Bundled 5044ms node_modules\expo\node_modules\@expo\cli\node_modules\@expo\router-server\node\render.js (1 module)
Web Bundled 6327ms node_modules\expo-router\entry.js (1 module)
Web Bundled 1476ms node_modules\expo-router\entry.js (1768 modules)
Web  INFO  %cDownload the React DevTools for a better development experience: https://react.dev/link/react-devtools font-weight:bold
Web  LOG  Running application "main" with appParams:
 {"hydrate": undefined, "rootTag": "#root"} 
Development-level warnings: ON.
Performance optimizations: OFF.
Web  WARN  "shadow*" style props are deprecated. Use "boxShadow".
Web  WARN  Clerk: Clerk has been loaded with development keys. Development instances have strict usage limits and should not be used when deploying your application to production. Learn more: https://clerk.com/docs/deployments/overview
λ Bundled 86ms node_modules\expo\node_modules\@expo\cli\node_modules\@expo\router-server\node\render.js (1 module)
Web Bundled 762ms node_modules\expo-router\entry.js (1 module)
Web Bundled 79ms node_modules\expo-router\entry.js (1 module)
Web  INFO  %cDownload the React DevTools for a better development experience: https://react.dev/link/react-devtools font-weight:bold
Web  LOG  Running application "main" with appParams:
 {"hydrate": undefined, "rootTag": "#root"} 
Development-level warnings: ON.
Performance optimizations: OFF.
Web  WARN  "shadow*" style props are deprecated. Use "boxShadow".
Web  WARN  Clerk: Clerk has been loaded with development keys. Development instances have strict usage limits and should not be used when deploying your application to production. Learn more: https://clerk.com/docs/deployments/overview
λ Bundled 4162ms node_modules\expo\node_modules\@expo\cli\node_modules\@expo\router-server\node\render.js (1 module)
Web Bundled 5240ms node_modules\expo-router\entry.js (1 module)
Web Bundled 108ms node_modules\expo-router\entry.js (1 module)
Web  INFO  %cDownload the React DevTools for a better development experience: https://react.dev/link/react-devtools font-weight:bold
Web  LOG  Running application "main" with appParams:
 {"hydrate": undefined, "rootTag": "#root"} 
Development-level warnings: ON.
Performance optimizations: OFF.
Web  WARN  "shadow*" style props are deprecated. Use "boxShadow".
Web  WARN  Clerk: Clerk has been loaded with development keys. Development instances have strict usage limits and should not be used when deploying your application to production. Learn more: https://clerk.com/docs/deployments/overview
λ Bundled 343ms node_modules\expo\node_modules\@expo\cli\node_modules\@expo\router-server\node\render.js (1 module)
Web Bundled 1506ms node_modules\expo-router\entry.js (1 module)
Web Bundled 76ms node_modules\expo-router\entry.js (1 module)
Web  INFO  %cDownload the React DevTools for a better development experience: https://react.dev/link/react-devtools font-weight:bold
Web  LOG  Running application "main" with appParams:
 {"hydrate": undefined, "rootTag": "#root"} 
Development-level warnings: ON.
Performance optimizations: OFF.
Web  WARN  "shadow*" style props are deprecated. Use "boxShadow".
Web  WARN  Clerk: Clerk has been loaded with development keys. Development instances have strict usage limits and should not be used when deploying your application to production. Learn more: https://clerk.com/docs/deployments/overview
Web Bundled 81ms node_modules\expo-router\entry.js (1 module)
λ Bundled 3291ms node_modules\expo\node_modules\@expo\cli\node_modules\@expo\router-server\node\render.js (1 module)
Web Bundled 4302ms node_modules\expo-router\entry.js (1 module)
λ Bundled 378ms node_modules\expo\node_modules\@expo\cli\node_modules\@expo\router-server\node\render.js (1 module)
Web Bundled 2078ms node_modules\expo-router\entry.js (1 module)
Web Bundled 209ms node_modules\expo-router\entry.js (1 module)
Web  INFO  %cDownload the React DevTools for a better development experience: https://react.dev/link/react-devtools font-weight:bold
Web  LOG  Running application "main" with appParams:
 {"hydrate": undefined, "rootTag": "#root"} 
Development-level warnings: ON.
Performance optimizations: OFF.
Web  WARN  "shadow*" style props are deprecated. Use "boxShadow".
Web  WARN  Clerk: Clerk has been loaded with development keys. Development instances have strict usage limits and should not be used when deploying your application to production. Learn more: https://clerk.com/docs/deployments/overview
